/home/abhi8803/anaconda3/envs/OmniCause/lib/python3.9/site-packages/torch/nn/modules/transformer.py:392: UserWarning: enable_nested_tensor is True, but self.use_nested_tensor is False because encoder_layer.self_attn.batch_first was not True(use batch_first for better inference performance)
  warnings.warn(
/home/abhi8803/anaconda3/envs/OmniCause/lib/python3.9/site-packages/torch/nn/modules/transformer.py:392: UserWarning: enable_nested_tensor is True, but self.use_nested_tensor is False because encoder_layer.self_attn.batch_first was not True(use batch_first for better inference performance)
  warnings.warn(

================================================================================
RUNNING SUBSET COMPARISON (Limit: 5)
CONFIGS: OmniTransfer_Entropy
================================================================================


================================================================================
SUBSET COMPARISON: State_DS1 (Limit: 5)
================================================================================

Limiting entities from 100 to 5
Total Entities: 5
  Source: 2 | Target: 3


================================================================================
[OmniTransfer_Entropy]
================================================================================
  Building Shape Library...
[Clustering] Running HAC on 920 segments...
   > Auto-tuning K... Done. Best CH Score: 168.022
[Clustering] Selected optimal clusters: k=7
[Clustering] Cluster distribution (subset):
  Cluster 1: 1 segments (0.1%)
  Cluster 2: 1 segments (0.1%)
  Cluster 3: 396 segments (43.0%)
  Cluster 4: 440 segments (47.8%)
  Cluster 5: 1 segments (0.1%)
  Cluster 6: 80 segments (8.7%)
  Cluster 7: 1 segments (0.1%)
[Clustering] Final Metrics: CH=168.022, Silhouette=0.290
[Framework] Formed 7 Clusters. Training Base Models...
   > Training Base Model 1 (1 segments)...
     [Auto-Tuning] Cluster 1 Beta: 0.048238
   > Training Base Model 2 (1 segments)...
     [Auto-Tuning] Cluster 2 Beta: 0.043001
   > Training Base Model 3 (396 segments)...
     [Auto-Tuning] Cluster 3 Beta: 0.007049
   > Training Base Model 4 (440 segments)...
     [Auto-Tuning] Cluster 4 Beta: 0.017674
   > Training Base Model 5 (1 segments)...
     [Auto-Tuning] Cluster 5 Beta: 0.004938
   > Training Base Model 6 (80 segments)...
     [Auto-Tuning] Cluster 6 Beta: 0.029677
   > Training Base Model 7 (1 segments)...
     [Auto-Tuning] Cluster 7 Beta: 0.024984
  Shape Library Ready.

  1/3: entity_0002...    [Cluster Match] Distances: C1=2.6700, C2=2.2070, C3=0.9156, C4=0.7894, C5=0.6922, C6=0.6678, C7=1.7641 -> Matched: C6
diff score : 0.011540696996015285 | threshold : 0.029677430114486616
Time: 1.19s | F1: 0.9474
  2/3: entity_0003...    [Cluster Match] Distances: C1=2.7080, C2=2.2417, C3=0.9020, C4=0.7747, C5=0.6468, C6=0.6326, C7=1.8383 -> Matched: C6
diff score : 0.013064944282098603 | threshold : 0.029677430114486616
Time: 1.17s | F1: 0.9355
  3/3: entity_0004...    [Cluster Match] Distances: C1=2.8221, C2=2.3610, C3=0.8030, C4=0.6823, C5=0.6231, C6=0.5327, C7=1.9892 -> Matched: C6
diff score : 0.011127906431426937 | threshold : 0.029677430114486616
Time: 1.16s | F1: 0.9062

================================================================================
COMBINED RESULTS SAVED: results/csv/State_DS1_subset_comparison_20251202_081619.csv
================================================================================


================================================================================
OVERALL SUMMARY
================================================================================
              Config  Avg_F1  Avg_Time
OmniTransfer_Entropy  0.9297    1.1741
================================================================================

